
ERR:
Exception in thread "main" java.lang.IllegalStateException: my error
	at InlineOnly.InlineOnlyKt.main(inlineOnly.kt:4)

Return code: 1
